S101_Index	./soap/sperm/Sample_S101/S101_Index.R1_sequence.soap
S102_Index	./soap/sperm/Sample_S102/S102_Index.R1_sequence.soap
S59_Index	./soap/sperm/Sample_S59/S59_Index.R1_sequence.soap
S63_Index	./soap/sperm/Sample_S63/S63_Index.R1_sequence.soap
S67_Index	./soap/sperm/Sample_S67/S67_Index.R1_sequence.soap
Sample_11	./soap/sperm/Sample_S52/Sample_S52/Sample_11.PEsoap
Sample_11	./soap/sperm/Sample_S52/Sample_S52/Sample_11.SEsoap
Sample_12	./soap/sperm/Sample_S53/Sample_S53/Sample_12.PEsoap
Sample_12	./soap/sperm/Sample_S53/Sample_S53/Sample_12.SEsoap
Sample_13	./soap/sperm/Sample_S54/Sample_S54/Sample_13.PEsoap
Sample_13	./soap/sperm/Sample_S54/Sample_S54/Sample_13.SEsoap
Sample_14	./soap/sperm/Sample_S55/Sample_S55/Sample_14.PEsoap
Sample_14	./soap/sperm/Sample_S55/Sample_S55/Sample_14.SEsoap
Sample_15	./soap/sperm/Sample_S57/Sample_S57/Sample_15.PEsoap
Sample_15	./soap/sperm/Sample_S57/Sample_S57/Sample_15.SEsoap
Sample_16	./soap/sperm/Sample_S58/Sample_S58/Sample_16.PEsoap
Sample_16	./soap/sperm/Sample_S58/Sample_S58/Sample_16.SEsoap
Sample_1	./soap/sperm/Sample_S31/Sample_S31/Sample_1.PEsoap
Sample_1	./soap/sperm/Sample_S31/Sample_S31/Sample_1.SEsoap
Sample_24	./soap/sperm/Sample_24/Sample_24.R1_sequence.soap
Sample_25	./soap/sperm/Sample_25/Sample_25.R1_sequence.soap
Sample_25	./soap/sperm/Sample_S71/Sample_S71/Sample_25.PEsoap
Sample_25	./soap/sperm/Sample_S71/Sample_S71/Sample_25.SEsoap
Sample_26	./soap/sperm/Sample_26/Sample_26.R1_sequence.soap
Sample_26	./soap/sperm/Sample_S72/Sample_S72/Sample_26.PEsoap
Sample_26	./soap/sperm/Sample_S72/Sample_S72/Sample_26.SEsoap
Sample_27	./soap/sperm/Sample_27/Sample_27.R1_sequence.soap
Sample_27	./soap/sperm/Sample_S73/Sample_S73/Sample_27.PEsoap
Sample_27	./soap/sperm/Sample_S73/Sample_S73/Sample_27.SEsoap
Sample_28	./soap/sperm/Sample_28/Sample_28.R1_sequence.soap
Sample_28	./soap/sperm/Sample_S74/Sample_S74/Sample_28.PEsoap
Sample_28	./soap/sperm/Sample_S74/Sample_S74/Sample_28.SEsoap
Sample_29	./soap/sperm/Sample_29/Sample_29.R1_sequence.soap
Sample_29	./soap/sperm/Sample_S75/Sample_S75/Sample_29.PEsoap
Sample_29	./soap/sperm/Sample_S75/Sample_S75/Sample_29.SEsoap
Sample_30	./soap/sperm/Sample_S76/Sample_S76/Sample_30.PEsoap
Sample_30	./soap/sperm/Sample_S76/Sample_S76/Sample_30.SEsoap
Sample_33	./soap/sperm/Sample_S79.115/Sample_33.R1_sequence.soap
Sample_35	./soap/sperm/Sample_S82.115/Sample_35.R1_sequence.soap
Sample_37	./soap/sperm/Sample_S85.115/Sample_37.R1_sequence.soap
Sample_38	./soap/sperm/Sample_S86.115/Sample_38.R1_sequence.soap
Sample_3	./soap/sperm/Sample_S35/Sample_S35/Sample_3.PEsoap
Sample_3	./soap/sperm/Sample_S35/Sample_S35/Sample_3.SEsoap
Sample_41	./soap/sperm/Sample_S91.115/Sample_41.R1_sequence.soap
Sample_42	./soap/sperm/Sample_S92.115/Sample_42.R1_sequence.soap
Sample_44	./soap/sperm/Sample_S95.115/Sample_44.R1_sequence.soap
Sample_47	./soap/sperm/Sample_S98.115/Sample_47.R1_sequence.soap
Sample_4	./soap/sperm/Sample_S41/Sample_S41/Sample_4.PEsoap
Sample_4	./soap/sperm/Sample_S41/Sample_S41/Sample_4.SEsoap
Sample_5	./soap/sperm/Sample_S42/Sample_S42/Sample_5.PEsoap
Sample_5	./soap/sperm/Sample_S42/Sample_S42/Sample_5.SEsoap
Sample_6	./soap/sperm/Sample_S43/Sample_S43/Sample_6.PEsoap
Sample_6	./soap/sperm/Sample_S43/Sample_S43/Sample_6.SEsoap
Sample_7	./soap/sperm/Sample_S44/Sample_S44/Sample_7.PEsoap
Sample_7	./soap/sperm/Sample_S44/Sample_S44/Sample_7.SEsoap
Sample_8	./soap/sperm/Sample_S46/Sample_S46/Sample_8.PEsoap
Sample_8	./soap/sperm/Sample_S46/Sample_S46/Sample_8.SEsoap
Sample_9	./soap/sperm/Sample_S48/Sample_S48/Sample_9.PEsoap
Sample_9	./soap/sperm/Sample_S48/Sample_S48/Sample_9.SEsoap
Sample_R10	./soap/sperm/Sample_R10/Sample_R10/Sample_R10.PEsoap
Sample_R10	./soap/sperm/Sample_R10/Sample_R10/Sample_R10.SEsoap
Sample_R11	./soap/sperm/Sample_R11/Sample_R11/Sample_R11.PEsoap
Sample_R11	./soap/sperm/Sample_R11/Sample_R11/Sample_R11.SEsoap
Sample_R11	./soap/sperm/Sample_R11/Sample_R11.soap
Sample_R33	./soap/sperm/Sample_R33/Sample_R33/Sample_R33.PEsoap
Sample_R33	./soap/sperm/Sample_R33/Sample_R33/Sample_R33.SEsoap
Sample_R50	./soap/sperm/Sample_R50/Sample_R50/Sample_R50.PEsoap
Sample_R50	./soap/sperm/Sample_R50/Sample_R50/Sample_R50.SEsoap
Sample_R7	./soap/sperm/Sample_R7/Sample_R7/Sample_R7.PEsoap
Sample_R7	./soap/sperm/Sample_R7/Sample_R7/Sample_R7.SEsoap
Sample_R8	./soap/sperm/Sample_R8/Sample_R8/Sample_R8.PEsoap
Sample_R8	./soap/sperm/Sample_R8/Sample_R8/Sample_R8.SEsoap
Sample_R9	./soap/sperm/Sample_R9/Sample_R9/Sample_R9.PEsoap
Sample_R9	./soap/sperm/Sample_R9/Sample_R9/Sample_R9.SEsoap
Sample_S103	./soap/sperm/Sample_S103/Sample_S103/Sample_S103.PEsoap
Sample_S103	./soap/sperm/Sample_S103/Sample_S103/Sample_S103.SEsoap
Sample_S104	./soap/newsperm/Sample_S104/Sample_S104/Sample_S104.PEsoap
Sample_S104	./soap/newsperm/Sample_S104/Sample_S104/Sample_S104.SEsoap
Sample_S105	./soap/newsperm/Sample_S105/Sample_S105/Sample_S105.PEsoap
Sample_S105	./soap/newsperm/Sample_S105/Sample_S105/Sample_S105.SEsoap
Sample_S106	./soap/sperm/Sample_S106/Sample_S106.R1_sequence.soap
Sample_S107	./soap/sperm/Sample_S107/Sample_S107/Sample_S107.PEsoap
Sample_S107	./soap/sperm/Sample_S107/Sample_S107/Sample_S107.SEsoap
Sample_S108	./soap/sperm/Sample_S108/Sample_S108.R1_sequence.soap
Sample_S109	./soap/sperm/Sample_S109/Sample_S109/Sample_S109.PEsoap
Sample_S109	./soap/sperm/Sample_S109/Sample_S109/Sample_S109.SEsoap
Sample_S110_I	./soap/sperm/Sample_S110/Sample_S110_I.R1_sequence.soap
Sample_S111_I	./soap/sperm/Sample_S111/Sample_S111_I.R1_sequence.soap
Sample_S113	./soap/newsperm/Sample_S113/Sample_S113.R1_sequence.soap
Sample_S114	./soap/newsperm/Sample_S114/Sample_S114.R1_sequence.soap
Sample_S115	./soap/newsperm/Sample_S115/Sample_S115.R1_sequence.soap
Sample_S116	./soap/newsperm/Sample_S116/Sample_S116.R1_sequence.soap
Sample_S117	./soap/newsperm/Sample_S117/Sample_S117.R1_sequence.soap
Sample_S16	./soap/newsperm/Sample_S16/Sample_S16/Sample_S16.PEsoap
Sample_S16	./soap/newsperm/Sample_S16/Sample_S16/Sample_S16.SEsoap
Sample_S17	./soap/newsperm/Sample_S17/Sample_S17/Sample_S17.PEsoap
Sample_S17	./soap/newsperm/Sample_S17/Sample_S17/Sample_S17.SEsoap
Sample_S18	./soap/newsperm/Sample_S18/Sample_S18/Sample_S18.PEsoap
Sample_S18	./soap/newsperm/Sample_S18/Sample_S18/Sample_S18.SEsoap
Sample_S19	./soap/newsperm/Sample_S19/Sample_S19/Sample_S19.PEsoap
Sample_S19	./soap/newsperm/Sample_S19/Sample_S19/Sample_S19.SEsoap
Sample_S1	./soap/sperm/Sample_S1/Sample_S1/Sample_S1.PEsoap
Sample_S1	./soap/sperm/Sample_S1/Sample_S1/Sample_S1.SEsoap
Sample_S20	./soap/newsperm/Sample_S20/Sample_S20/Sample_S20.PEsoap
Sample_S20	./soap/newsperm/Sample_S20/Sample_S20/Sample_S20.SEsoap
Sample_S21	./soap/newsperm/Sample_S21/Sample_S21/Sample_S21.PEsoap
Sample_S21	./soap/newsperm/Sample_S21/Sample_S21/Sample_S21.SEsoap
Sample_S22	./soap/newsperm/Sample_S22/Sample_S22/Sample_S22.PEsoap
Sample_S22	./soap/newsperm/Sample_S22/Sample_S22/Sample_S22.SEsoap
Sample_S23	./soap/newsperm/Sample_S23/Sample_S23/Sample_S23.PEsoap
Sample_S23	./soap/newsperm/Sample_S23/Sample_S23/Sample_S23.SEsoap
Sample_S2	./soap/sperm/Sample_S2/Sample_S2/Sample_S2.PEsoap
Sample_S2	./soap/sperm/Sample_S2/Sample_S2/Sample_S2.SEsoap
Sample_S30	./soap/newsperm/Sample_S30/Sample_S30/Sample_S30.PEsoap
Sample_S30	./soap/newsperm/Sample_S30/Sample_S30/Sample_S30.SEsoap
Sample_S31	./soap/newsperm/Sample_S31/Sample_S31/Sample_S31.PEsoap
Sample_S31	./soap/newsperm/Sample_S31/Sample_S31/Sample_S31.SEsoap
Sample_S37	./soap/sperm/Sample_S37/Sample_S37/Sample_S37.PEsoap
Sample_S37	./soap/sperm/Sample_S37/Sample_S37/Sample_S37.SEsoap
Sample_S39	./soap/sperm/Sample_S39/Sample_S39/Sample_S39.PEsoap
Sample_S39	./soap/sperm/Sample_S39/Sample_S39/Sample_S39.SEsoap
Sample_S3	./soap/sperm/Sample_S3/Sample_S3/Sample_S3.PEsoap
Sample_S3	./soap/sperm/Sample_S3/Sample_S3/Sample_S3.SEsoap
Sample_S40	./soap/sperm/Sample_S40/Sample_S40/Sample_S40.PEsoap
Sample_S40	./soap/sperm/Sample_S40/Sample_S40/Sample_S40.SEsoap
Sample_S45	./soap/sperm/Sample_S45/Sample_S45/Sample_S45.PEsoap
Sample_S45	./soap/sperm/Sample_S45/Sample_S45/Sample_S45.SEsoap
Sample_S4	./soap/sperm/Sample_S4/Sample_S4/Sample_S4.PEsoap
Sample_S4	./soap/sperm/Sample_S4/Sample_S4/Sample_S4.SEsoap
Sample_S51	./soap/sperm/Sample_S51/Sample_S51/Sample_S51.PEsoap
Sample_S51	./soap/sperm/Sample_S51/Sample_S51/Sample_S51.SEsoap
Sample_S56	./soap/sperm/Sample_S56/Sample_S56/Sample_S56.PEsoap
Sample_S56	./soap/sperm/Sample_S56/Sample_S56/Sample_S56.SEsoap
Sample_S5	./soap/sperm/Sample_S5/Sample_S5/Sample_S5.PEsoap
Sample_S5	./soap/sperm/Sample_S5/Sample_S5/Sample_S5.SEsoap
Sample_S60	./soap/newsperm/Sample_S60/Sample_S60/Sample_S60.PEsoap
Sample_S60	./soap/newsperm/Sample_S60/Sample_S60/Sample_S60.SEsoap
Sample_S68	./soap/sperm/Sample_S68/Sample_S68.R1_sequence.soap
Sample_S69	./soap/newsperm/Sample_S69/Sample_S69/Sample_S69.PEsoap
Sample_S69	./soap/newsperm/Sample_S69/Sample_S69/Sample_S69.SEsoap
Sample_S6	./soap/sperm/Sample_S6/Sample_S6/Sample_S6.PEsoap
Sample_S6	./soap/sperm/Sample_S6/Sample_S6/Sample_S6.SEsoap
Sample_S70	./soap/newsperm/Sample_S70/Sample_S70/Sample_S70.PEsoap
Sample_S70	./soap/newsperm/Sample_S70/Sample_S70/Sample_S70.SEsoap
Sample_S77	./soap/newsperm/Sample_S77/Sample_S77/Sample_S77.PEsoap
Sample_S77	./soap/newsperm/Sample_S77/Sample_S77/Sample_S77.SEsoap
Sample_S77	./soap/sperm/Sample_S77/Sample_S77/Sample_S77.PEsoap
Sample_S77	./soap/sperm/Sample_S77/Sample_S77/Sample_S77.SEsoap
Sample_S78	./soap/newsperm/Sample_S78/Sample_S78/Sample_S78.PEsoap
Sample_S78	./soap/newsperm/Sample_S78/Sample_S78/Sample_S78.SEsoap
Sample_S78	./soap/sperm/Sample_S78/Sample_S78/Sample_S78.PEsoap
Sample_S78	./soap/sperm/Sample_S78/Sample_S78/Sample_S78.SEsoap
Sample_S79	./soap/sperm/Sample_S79/Sample_S79/Sample_S79.PEsoap
Sample_S79	./soap/sperm/Sample_S79/Sample_S79/Sample_S79.SEsoap
Sample_S81	./soap/newsperm/Sample_S81/Sample_S81/Sample_S81.PEsoap
Sample_S81	./soap/newsperm/Sample_S81/Sample_S81/Sample_S81.SEsoap
Sample_S81	./soap/sperm/Sample_S81/Sample_S81/Sample_S81.PEsoap
Sample_S81	./soap/sperm/Sample_S81/Sample_S81/Sample_S81.SEsoap
Sample_S82	./soap/sperm/Sample_S82/Sample_S82/Sample_S82.PEsoap
Sample_S82	./soap/sperm/Sample_S82/Sample_S82/Sample_S82.SEsoap
Sample_S83	./soap/sperm/Sample_S83/Sample_S83/Sample_S83.PEsoap
Sample_S83	./soap/sperm/Sample_S83/Sample_S83/Sample_S83.SEsoap
Sample_S84	./soap/newsperm/Sample_S84/Sample_S84/Sample_S84.PEsoap
Sample_S84	./soap/newsperm/Sample_S84/Sample_S84/Sample_S84.SEsoap
Sample_S84	./soap/sperm/Sample_S84/Sample_S84/Sample_S84.PEsoap
Sample_S84	./soap/sperm/Sample_S84/Sample_S84/Sample_S84.SEsoap
Sample_S85	./soap/sperm/Sample_S85/Sample_S85/Sample_S85.PEsoap
Sample_S85	./soap/sperm/Sample_S85/Sample_S85/Sample_S85.SEsoap
Sample_S86	./soap/sperm/Sample_S86/Sample_S86/Sample_S86.PEsoap
Sample_S86	./soap/sperm/Sample_S86/Sample_S86/Sample_S86.SEsoap
Sample_S87	./soap/newsperm/Sample_S87/Sample_S87/Sample_S87.PEsoap
Sample_S87	./soap/newsperm/Sample_S87/Sample_S87/Sample_S87.SEsoap
Sample_S87	./soap/sperm/Sample_S87/Sample_S87/Sample_S87.PEsoap
Sample_S87	./soap/sperm/Sample_S87/Sample_S87/Sample_S87.SEsoap
Sample_S88	./soap/sperm/Sample_S88/Sample_S88/Sample_S88.PEsoap
Sample_S88	./soap/sperm/Sample_S88/Sample_S88/Sample_S88.SEsoap
Sample_S89	./soap/sperm/Sample_S89/Sample_S89/Sample_S89.PEsoap
Sample_S89	./soap/sperm/Sample_S89/Sample_S89/Sample_S89.SEsoap
Sample_S90	./soap/sperm/Sample_S90/Sample_S90/Sample_S90.PEsoap
Sample_S90	./soap/sperm/Sample_S90/Sample_S90/Sample_S90.SEsoap
Sample_S91	./soap/sperm/Sample_S91/Sample_S91/Sample_S91.PEsoap
Sample_S91	./soap/sperm/Sample_S91/Sample_S91/Sample_S91.SEsoap
Sample_S92	./soap/sperm/Sample_S92/Sample_S92/Sample_S92.PEsoap
Sample_S92	./soap/sperm/Sample_S92/Sample_S92/Sample_S92.SEsoap
Sample_S93	./soap/sperm/Sample_S93/Sample_S93/Sample_S93.PEsoap
Sample_S93	./soap/sperm/Sample_S93/Sample_S93/Sample_S93.SEsoap
Sample_S94	./soap/sperm/Sample_S94/Sample_S94/Sample_S94.PEsoap
Sample_S94	./soap/sperm/Sample_S94/Sample_S94/Sample_S94.SEsoap
Sample_S95	./soap/sperm/Sample_S95/Sample_S95/Sample_S95.PEsoap
Sample_S95	./soap/sperm/Sample_S95/Sample_S95/Sample_S95.SEsoap
Sample_S96	./soap/sperm/Sample_S96/Sample_S96/Sample_S96.PEsoap
Sample_S96	./soap/sperm/Sample_S96/Sample_S96/Sample_S96.SEsoap
Sample_S97	./soap/sperm/Sample_S97/Sample_S97/Sample_S97.PEsoap
Sample_S97	./soap/sperm/Sample_S97/Sample_S97/Sample_S97.SEsoap
Sample_S98	./soap/sperm/Sample_S98/Sample_S98/Sample_S98.PEsoap
Sample_S98	./soap/sperm/Sample_S98/Sample_S98/Sample_S98.SEsoap
Sample_S99	./soap/sperm/Sample_S99/Sample_S99/Sample_S99.PEsoap
Sample_S99	./soap/sperm/Sample_S99/Sample_S99/Sample_S99.SEsoap
