rm -fr work
mkdir lst work
#find ./fq.p -name '*.gz'|sort > ./lst/rawfqp.lst
#find ./fq.f -name '*.gz'|sort > ./lst/rawfqf.lst
find /share/users/huxs/work/tiger/fq.p /share/users/huxs/work/tiger/fq.f -name '*.gz'|sort > ./lst/rawfq0.lst
mkdir work/radseq work/parents
./src/rawfq2list.pl ./lst/rawfq0.lst ./lst/rawfq.lst

make -f make/makefile
#ps -ef|grep cutadapt|sort -rnk4|les -N

====================================

./src/separatebytag.pl tigrad.lst 0,0,0,0 work/radseq/A1_1.1.cut.gz work/radseq/A1_1.2.cut.gz work/f1/A1_1_0000
./src/separatebytag.pl tigrad.lst 0,0,0,0 work/radseq/B1_2.1.cut.gz work/radseq/B1_2.2.cut.gz work/f1/B1_2_0000 &
./src/separatebytag.pl tigrad.lst 0,0,0,0 work/radseq/C1_3.1.cut.gz work/radseq/C1_3.2.cut.gz work/f1/C1_3_0000 &
./src/separatebytag.pl tigrad.lst 0,0,0,0 work/radseq/d1_4.1.cut.gz work/radseq/d1_4.2.cut.gz work/f1/d1_4_0000 &

./src/separatebytag.pl tigrad.lst 210210 work/f1/A1_1_0000.NA.Unknown.1.fq.gz work/f1/A1_1_0000.NA.Unknown.2.fq.gz work/f1/A1_1_210210 &
./src/separatebytag.pl tigrad.lst 210210 work/f1/B1_2_0000.NA.Unknown.1.fq.gz work/f1/B1_2_0000.NA.Unknown.2.fq.gz work/f1/B1_2_210210 &
./src/separatebytag.pl tigrad.lst 210210 work/f1/C1_3_0000.NA.Unknown.1.fq.gz work/f1/C1_3_0000.NA.Unknown.2.fq.gz work/f1/C1_3_210210 &
./src/separatebytag.pl tigrad.lst 210210 work/f1/d1_4_0000.NA.Unknown.1.fq.gz work/f1/d1_4_0000.NA.Unknown.2.fq.gz work/f1/d1_4_210210 &

./src/separatebytag.pl tigrad.lst 221210 work/f1/A1_1_210210.NA.Unknown.1.fq.gz work/f1/A1_1_210210.NA.Unknown.2.fq.gz work/f1/A1_1_221210 &
./src/separatebytag.pl tigrad.lst 221210 work/f1/B1_2_210210.NA.Unknown.1.fq.gz work/f1/B1_2_210210.NA.Unknown.2.fq.gz work/f1/B1_2_221210 &
./src/separatebytag.pl tigrad.lst 221210 work/f1/C1_3_210210.NA.Unknown.1.fq.gz work/f1/C1_3_210210.NA.Unknown.2.fq.gz work/f1/C1_3_221210 &
./src/separatebytag.pl tigrad.lst 221210 work/f1/d1_4_210210.NA.Unknown.1.fq.gz work/f1/d1_4_210210.NA.Unknown.2.fq.gz work/f1/d1_4_221210 &


Parents WGS:
bwa aln -l 17 -q 10

RADseq:
bwa aln -l 17 -B 5
【only read1. read2 still with -q 10】

__BIOPIC__
cd /home/huxuesong/analysis/tiger/20120712
find ./fq/parents/ -name '*.1.cut.gz'|perl -lane 's/\.1\.cut\.gz$//;print' > parents.lst
ls -1 ./fq/f1/*.1.fq.gz|perl -lane 's/\.1\.fq\.gz$//;print'|sort > f1.lst

soapsnp -u -t -L 101 -z '!' -Q 41 -d ref/tigris.fa

./fq/parents/BHX011_11
./fq/parents/BHX011_11.1.cut.gz
./fq/parents/BHX011_11.2.cut.gz


__SH__
#!/bin/bash
#$ -v PERL5LIB,PATH,PYTHONPATH,LD_LIBRARY_PATH
#$ -cwd -r y -l vf=7.5g,p=2
#$ -o /dev/null -e /dev/null
#$ -S /bin/bash -t 1-2

SEEDFILE=parents.lst
SEED=$(sed -n -e "${SGE_TASK_ID} p" $SEEDFILE)
MAIN=`basename "$SEED"`

bwa aln -Y -l 17 -q 10 -t 6 tigris ${SEED}.1.cut.gz >./sai/${PPID}_${JOB_ID}_${MAIN}_1.sai 2>./sai/${PPID}_${JOB_ID}_${MAIN}_1.log
bwa aln -Y -l 17 -q 10 -t 6 tigris ${SEED}.2.cut.gz >./sai/${PPID}_${JOB_ID}_${MAIN}_2.sai 2>./sai/${PPID}_${JOB_ID}_${MAIN}_2.log

bwa sampe -a 800 tigris ./sai/${PPID}_${JOB_ID}_${MAIN}_1.sai ./sai/${PPID}_${JOB_ID}_${MAIN}_2.sai ${SEED}.1.cut.gz ${SEED}.2.cut.gz 2>./bwatg/${MAIN}.samlog | gzip -9c >./bwatg/${MAIN}.sam.gz
date >> ./bwatg/${MAIN}.samlog
echo "sai: ${PPID}_${JOB_ID}_${MAIN}" >> ./bwatg/${MAIN}.samlog

samtools view -bS ./bwatg/${MAIN}.sam.gz > ./bwatg/${MAIN}.bam 2>./bwatg/${MAIN}.bamlog

samtools sort ./bwatg/${MAIN}.bam ./bwatg/${MAIN}.sort

samtools index ./bwatg/${MAIN}.sort.bam &


[after bcf]
./bcf2ped.pl radseq.tfam radseq.bcgv.bcf radseq17

p-link --tfile radseq17 --reference-allele radseq17.MinorAllele --fisher --out Pradseq17 --model --cell 0

grep REC Pradseq17.model > Pradseq17.model.REC.0

# p-link output may lack A2
perl -lane 'if (@F<8) {splice @F,3,0,".";} die if @F<8; print join("\t",@F)' Pradseq17.model.REC.0 > Pradseq17.model.REC

sort -k 8,8n -k 2,2 Pradseq17.model.REC > Pradseq17.model.REC.nk8
./dojoin.pl radseq17.dict 3 Pradseq17.model.REC.nk8 2 tmp.REC

#awk '{print $3" "$1" "$2" "$4" "$6" "$7" "$8" "$9" "$10" "$11}' tmp.REC.out > tmp.REC.out.j
awk 'BEGIN {OFS="\t"} {print $3,$1,$2,$4,$6,$7,$8,$9,$10,$11}' tmp.REC.out > tmp.REC.out.j

sort -k 10,10n -k 1,1 tmp.REC.out.j > tmp.REC.out.s

cat tmp.REC.out.j|perl -lane '@a=split /\//,"$F[7]/$F[8]";$sum=$a[0]+$a[1]+$a[2]+$a[3];
$theta=($a[1]+$a[2])/($sum*2);
$p=((1-$theta)**(2*$sum-($a[1]+$a[2])))*($theta**($a[1]+$a[2]))/(0.5**(2*$sum));
$LOD=int(0.5+log($p)*1000/log(10))/1000;
print join("\t",@F,$sum,int(0.5+$theta*100000)/100000,int($LOD),$LOD)' |sort -k2,2 -k3,3n > rec.npa

sort -k13,13n -k2,2 -k3,3n  rec.npa > rec.npas

./plotscaf.pl rec.npa tig2cat
./plotscaf.pl rec.npa tig2cats

./ped2hap.pl tighap.lst radseq17 dohap17



__END__

$ git push
Counting objects: 11, done.
Delta compression using up to 24 threads.
Compressing objects: 100% (6/6), done.
Writing objects: 100% (6/6), 938 bytes, done.
Total 6 (delta 4), reused 2 (delta 0)
error: file write error (No space left on device)
fatal: unable to write sha1 file
error: unpack failed: unpacker exited with error code
To ssh://galaxy@repo.or.cz/srv/git/GalaxyCodeBases.git
 ! [remote rejected] master -> master (n/a (unpacker error))
error: failed to push some refs to 'ssh://galaxy@repo.or.cz/srv/git/GalaxyCodeBases.git'

这是远端故障……
@ 10:23:26 Tue Sep 11 2012
